Microchip MPLAB XC8 Compiler V1.38 ()

Linker command line:

-W-3 --edf=C:\Program Files (x86)\Microchip\xc8\v1.38\dat\en_msgs.txt -cs \
  -h+dist/XC8_PIC12F609/debug\Port_Change_Interrupt.X.debug.sym \
  --cmf=dist/XC8_PIC12F609/debug\Port_Change_Interrupt.X.debug.cmf -z \
  -Q12F629 -oC:\Users\Kjetil\AppData\Local\Temp\se5g.2 \
  -Mdist/XC8_PIC12F609/debug/Port_Change_Interrupt.X.debug.map -E1 -ver=XC8 \
  -ASTACK=027h-05dh -pstack=STACK -ACODE=00h-03FEh -ASTRCODE=00h-03FEh \
  -ASTRING=00h-0FFhx3,0300h-03FEh -ACONST=00h-0FFhx3,0300h-03FEh \
  -AENTRY=00h-0FFhx3,0300h-03FEh -ABANK0=020h-05Dh -ARAM=020h-05Dh \
  -AABS1=020h-05Fh -ACOMMON=05Eh-05Fh -ASFR0=00h-01Fh -ASFR1=080h-0DDh \
  -preset_vec=00h,intentry=04h,init,end_init -ppowerup=CODE -pcinit=CODE \
  -pfunctab=CODE -ACONFIG=02007h-02007h -pconfig=CONFIG -DCONFIG=2 \
  -AIDLOC=02000h-02003h -pidloc=IDLOC -DIDLOC=2 -AEEDATA=00h-07Fh/02100h \
  -peeprom_data=EEDATA -DEEDATA=2 -posccal=03FFh -DCODE=2 -DSTRCODE=2 \
  -DSTRING=2 -DCONST=2 -DENTRY=2 -k \
  C:\Users\Kjetil\AppData\Local\Temp\se5g.obj \
  dist/XC8_PIC12F609/debug\Port_Change_Interrupt.X.debug.obj 

Object code version is 3.11

Machine type is 12F629



                Name                               Link     Load   Length Selector   Space Scale
C:\Users\Kjetil\AppData\Local\Temp\se5g.obj
                end_init                              F        F        1        8       0
                reset_vec                             0        0        1        0       0
                config                             2007     2007        1     400E       0
dist/XC8_PIC12F609/debug\Port_Change_Interrupt.X.debug.obj
                cinit                                10       10        2        8       0
                intentry                              4        4        B        8       0
                text3                                12       12       1E        8       0
                text2                                43       43        1        8       0
                text1                                30       30       10        8       0
                maintext                             40       40        3        8       0
                cstackBANK0                          20       20        7       20       1

TOTAL           Name                               Link     Load   Length     Space
        CLASS   STACK          

        CLASS   CODE           
                end_init                              F        F        1         0
                cinit                                10       10        2         0
                intentry                              4        4        B         0
                reset_vec                             0        0        1         0
                text3                                12       12       1E         0
                text2                                43       43        1         0
                text1                                30       30       10         0
                maintext                             40       40        3         0

        CLASS   STRCODE        

        CLASS   STRING         

        CLASS   CONST          

        CLASS   ENTRY          

        CLASS   BANK0          
                cstackBANK0                          20       20        7         1

        CLASS   RAM            

        CLASS   ABS1           
                abs_s1                               5E       5E        2         1

        CLASS   COMMON         

        CLASS   SFR0           

        CLASS   SFR1           

        CLASS   CONFIG         
                config                             2007     2007        1         0

        CLASS   IDLOC          

        CLASS   EEDATA         

        CLASS   BANK1          



SEGMENTS        Name                           Load    Length   Top    Selector   Space  Class     Delta

                reset_vec                      000000  000001  000001         0       0  CODE        2
                intentry                       000004  000040  000044         8       0  CODE        2
                cstackBANK0                    000020  000007  000027        20       1  BANK0       1
                config                         002007  000001  002008      400E       0  CONFIG      2


UNUSED ADDRESS RANGES

        Name                Unused          Largest block    Delta
        BANK0            0027-005D             37           1
        CODE             0001-0003              3           2
                         0044-03FE            3BB
        CONST            0001-0003              3           2
                         0044-03FE            100
        EEDATA           2100-217F             80           2
        ENTRY            0001-0003              3           2
                         0044-03FE            100
        IDLOC            2000-2003              4           2
        RAM              0027-005D             37           1
        SFR0             0000-001F             20           1
        SFR1             0080-00DD             5E           1
        STACK            0027-005D             37           1
        STRCODE          0001-0003              3           2
                         0044-03FE            3BB
        STRING           0001-0003              3           2
                         0044-03FE            100

                                  Symbol Table

_CMCONbits                    (abs)        0019
_ConfigureOscillator          text2        0043
_GPIObits                     (abs)        0005
_INTCONbits                   (abs)        000B
_IOCBbits                     (abs)        0096
_InitApp                      text1        0030
_T1CONbits                    (abs)        0010
_TRISIObits                   (abs)        0085
__CFG_BOREN$ON                (abs)        0000
__CFG_CP$OFF                  (abs)        0000
__CFG_CPD$OFF                 (abs)        0000
__CFG_FOSC$INTRCCLK           (abs)        0000
__CFG_MCLRE$ON                (abs)        0000
__CFG_PWRTE$OFF               (abs)        0000
__CFG_WDTE$OFF                (abs)        0000
__Habs1                       abs1         07FE
__Hbank0                      bank0        07FE
__Hbank1                      bank1        07FE
__Hcinit                      cinit        0012
__Hclrtext                    clrtext      07FE
__Hcode                       code         07FE
__Hcommon                     common       07FE
__Hconfig                     config       2008
__HcstackBANK0                cstackBANK0  07FE
__HcstackCOMMON               cstackCOMMON 07FE
__Heeprom_data                eeprom_data  0000
__Hend_init                   end_init     0010
__Hfunctab                    functab      0000
__Hidloc                      idloc        0000
__Hinit                       init         000F
__Hintentry                   intentry     000F
__Hmaintext                   maintext     07FE
__Hosccal                     osccal       03FF
__Hpowerup                    powerup      0000
__Hram                        ram          07FE
__Hreset_vec                  reset_vec    0001
__Hsfr0                       sfr0         07FE
__Hsfr1                       sfr1         07FE
__Hspace_0                    (abs)        2008
__Hspace_1                    (abs)        07FE
__Hspace_2                    (abs)        0000
__Hspace_3                    (abs)        0000
__Hstack                      stack        0000
__Hstrings                    strings      07FE
__Htext                       text         07FE
__Labs1                       abs1         07FE
__Lbank0                      bank0        07FE
__Lbank1                      bank1        07FE
__Lcinit                      cinit        0010
__Lclrtext                    clrtext      07FE
__Lcode                       code         07FE
__Lcommon                     common       07FE
__Lconfig                     config       2007
__LcstackBANK0                cstackBANK0  07FE
__LcstackCOMMON               cstackCOMMON 07FE
__Leeprom_data                eeprom_data  0000
__Lend_init                   end_init     000F
__Lfunctab                    functab      0000
__Lidloc                      idloc        0000
__Linit                       init         000F
__Lintentry                   intentry     0004
__Lmaintext                   maintext     07FE
__Losccal                     osccal       03FF
__Lpowerup                    powerup      0000
__Lram                        ram          07FE
__Lreset_vec                  reset_vec    0000
__Lsfr0                       sfr0         07FE
__Lsfr1                       sfr1         07FE
__Lspace_0                    (abs)        0000
__Lspace_1                    (abs)        0000
__Lspace_2                    (abs)        0000
__Lspace_3                    (abs)        0000
__Lstack                      stack        0000
__Lstrings                    strings      07FE
__Ltext                       text         07FE
__S0                          (abs)        2008
__S1                          (abs)        0027
__S2                          (abs)        0000
__S3                          (abs)        0000
___int_sp                     stack        0000
___latbits                    (abs)        0000
___osccal_val                 osccal       03FF
___sp                         stack        0000
__end_of_ConfigureOscillator  text2        0044
__end_of_InitApp              text1        0040
__end_of__initialization      cinit        0010
__end_of_isr                  text3        0030
__end_of_main                 maintext     0043
__initialization              cinit        0010
__pcstackBANK0                cstackBANK0  0020
__pcstackCOMMON               cstackCOMMON 0000
__pintentry                   intentry     0004
__pmaintext                   maintext     0040
__ptext1                      text1        0030
__ptext2                      text2        0043
__ptext3                      text3        0012
__size_of_ConfigureOscillator (abs)        0000
__size_of_InitApp             (abs)        0000
__size_of_isr                 (abs)        0000
__size_of_main                (abs)        0000
_isr                          text3        0012
_main                         maintext     0040
btemp                         (abs)        005E
end_of_initialization         cinit        0010
interrupt_function            intentry     0004
intlevel0                     functab      0000
intlevel1                     functab      0000
intlevel2                     functab      0000
intlevel3                     functab      0000
intlevel4                     functab      0000
intlevel5                     functab      0000
ltemp                         (abs)        005E
ltemp0                        (abs)        005E
ltemp1                        (abs)        0062
ltemp2                        (abs)        0066
ltemp3                        (abs)        0060
reset_vec                     reset_vec    0000
saved_w                       (abs)        005E
stackhi                       (abs)        0000
stacklo                       (abs)        0000
start                         init         000F
start_initialization          cinit        0010
ttemp                         (abs)        005E
ttemp0                        (abs)        005E
ttemp1                        (abs)        0061
ttemp2                        (abs)        0064
ttemp3                        (abs)        0067
ttemp4                        (abs)        005F
wtemp                         (abs)        005E
wtemp0                        (abs)        005E
wtemp1                        (abs)        0060
wtemp2                        (abs)        0062
wtemp3                        (abs)        0064
wtemp4                        (abs)        0066
wtemp5                        (abs)        0068
wtemp6                        (abs)        005F


FUNCTION INFORMATION:

 *************** function _main *****************
 Defined at:
		line 22 in file "main.c"
 Parameters:    Size  Location     Type
		None
 Auto vars:     Size  Location     Type
		None
 Return value:  Size  Location     Type
                  1    wreg      void 
 Registers used:
		status,2, status,0, pclath, cstack
 Tracked objects:
		On entry : 
		On exit  : 
		Unchanged: 
 Data sizes:     COMMON   BANK0
      Params:         0       0
      Locals:         0       0
      Temps:          0       0
      Totals:         0       0
Total ram usage:        0 bytes
 Hardware stack levels required when called:    2
 This function calls:
		_ConfigureOscillator
		_InitApp
 This function is called by:
		Startup code after reset
 This function uses a non-reentrant model


 *************** function _InitApp *****************
 Defined at:
		line 14 in file "user.c"
 Parameters:    Size  Location     Type
		None
 Auto vars:     Size  Location     Type
		None
 Return value:  Size  Location     Type
                  1    wreg      void 
 Registers used:
		None
 Tracked objects:
		On entry : 
		On exit  : 
		Unchanged: 
 Data sizes:     COMMON   BANK0
      Params:         0       0
      Locals:         0       0
      Temps:          0       0
      Totals:         0       0
Total ram usage:        0 bytes
 Hardware stack levels used:    1
 Hardware stack levels required when called:    1
 This function calls:
		Nothing
 This function is called by:
		_main
 This function uses a non-reentrant model


 *************** function _ConfigureOscillator *****************
 Defined at:
		line 17 in file "system.c"
 Parameters:    Size  Location     Type
		None
 Auto vars:     Size  Location     Type
		None
 Return value:  Size  Location     Type
                  1    wreg      void 
 Registers used:
		None
 Tracked objects:
		On entry : 
		On exit  : 
		Unchanged: 
 Data sizes:     COMMON   BANK0
      Params:         0       0
      Locals:         0       0
      Temps:          0       0
      Totals:         0       0
Total ram usage:        0 bytes
 Hardware stack levels used:    1
 Hardware stack levels required when called:    1
 This function calls:
		Nothing
 This function is called by:
		_main
 This function uses a non-reentrant model


 *************** function _isr *****************
 Defined at:
		line 40 in file "main.c"
 Parameters:    Size  Location     Type
		None
 Auto vars:     Size  Location     Type
		None
 Return value:  Size  Location     Type
                  1    wreg      void 
 Registers used:
		wreg
 Tracked objects:
		On entry : 
		On exit  : 
		Unchanged: 
 Data sizes:     COMMON   BANK0
      Params:         0       0
      Locals:         0       0
      Temps:          0       7
      Totals:         0       7
Total ram usage:        7 bytes
 Hardware stack levels used:    1
 This function calls:
		Nothing
 This function is called by:
		Interrupt level 1
 This function uses a non-reentrant model



MODULE INFORMATION

Module		Function		Class		Link	Load	Size
shared
		__initialization		CODE           	0010	0000	1

shared estimated size: 1

user.c
		_InitApp       		CODE           	0030	0000	17

user.c estimated size: 17

main.c
		_main          		CODE           	0040	0000	4
		_isr           		CODE           	0012	0000	31

main.c estimated size: 35

system.c
		_ConfigureOscillator		CODE           	0043	0000	2

system.c estimated size: 2

